[backblue.gif]
[fade.gif]
[index.html]
[localhost/nakiranda/feed/index.html]
[localhost/nakiranda/comments/feed/index.html]
[localhost/nakiranda/wp-includes/js/jquery/jqueryb8ff.js]
[localhost/nakiranda/wp-includes/js/jquery/jquery-migrate.min330a.js]
[localhost/nakiranda/xmlrpc0db0.php]
[localhost/nakiranda/wp-includes/wlwmanifest.xml]
[localhost/nakiranda/wp-json/index.html]
[localhost/nakiranda/wp-json/oembed/1.0/embed4cbd.json]
[localhost/nakiranda/wp-json/oembed/1.0/embeda42b]
[localhost/nakiranda/wp-content/uploads/2018/09/cropped-Patience-Loy-2-32x32.jpg]
[localhost/nakiranda/wp-content/uploads/2018/09/cropped-Patience-Loy-2-192x192.jpg]
[localhost/nakiranda/wp-content/uploads/2018/09/cropped-Patience-Loy-2-180x180.jpg]
[localhost/nakiranda/wp-content/uploads/2018/09/cropped-Patience-Loy-1.jpg]
[localhost/nakiranda/wp-content/plugins/contact-form-7/includes/js/scriptsaead.js]
[localhost/nakiranda/wp-content/themes/personal-info/js/navigation4a7d.js]
[localhost/nakiranda/wp-content/themes/personal-info/js/skip-link-focus-fix4a7d.js]
[localhost/nakiranda/wp-includes/js/wp-embed.min5010.js]
[localhost/nakiranda/index.html]
[localhost/nakiranda/xmlrpc.php]
[localhost/nakiranda/wp-content/plugins/contact-form-7/images/ajax-loader.gif]
[localhost/nakiranda/wp-content/plugins/contact-form-7/includes/css/stylesaead.css]
[localhost/nakiranda/wp-content/plugins/menu-image/menu-image4963.css]
[localhost/nakiranda/wp-content/plugins/widget-options/assets/css/widget-options.css]
[localhost/nakiranda/wp-content/themes/personal-info/style5010.css]
[localhost/nakiranda/wp-content/themes/personal-info/css/all5010.css]
[localhost/nakiranda/wp-content/plugins/js_composer/assets/lib/bower/font-awesome/fonts/fontawesome-webfont3295.eot]
[localhost/nakiranda/wp-content/plugins/js_composer/assets/lib/bower/font-awesome/fonts/fontawesome-webfontd41d.eot]
[localhost/nakiranda/wp-content/plugins/js_composer/assets/lib/bower/font-awesome/fonts/fontawesome-webfont3295.woff2]
[localhost/nakiranda/wp-content/plugins/js_composer/assets/lib/bower/font-awesome/fonts/fontawesome-webfont3295.woff]
[localhost/nakiranda/wp-content/plugins/js_composer/assets/lib/bower/font-awesome/fonts/fontawesome-webfont3295.ttf]
[localhost/nakiranda/wp-content/plugins/js_composer/assets/lib/bower/font-awesome/css/font-awesome.min0147.css]
[localhost/nakiranda/wp-json/oembed/1.0/embedd712.json]
[localhost/nakiranda/wp-json/oembed/1.0/embedb2fe]
[localhost/nakiranda/wp-content/themes/personal-info/inc/img/portfolio.png]
[localhost/nakiranda/wp-content/uploads/2018/09/Loy-2-Lydia-211x300.jpg]
[localhost/nakiranda/wp-content/plugins/js_composer/assets/js/dist/js_composer_front.min0147.js]
[localhost/nakiranda/about-me/index.html]
[localhost/nakiranda/wp-json/oembed/1.0/embeded23.json]
[localhost/nakiranda/wp-json/oembed/1.0/embedb206]
[localhost/nakiranda/wp-content/uploads/2018/09/graduation1-300x285.jpg]
[localhost/nakiranda/education-background/index.html]
[localhost/nakiranda/wp-json/oembed/1.0/embed18ca.json]
[localhost/nakiranda/wp-json/oembed/1.0/embedb17f]
[localhost/nakiranda/wp-content/uploads/2017/06/webdesigner-2443766_1920-300x200.jpg]
[localhost/nakiranda/experience1/index.html]
[localhost/nakiranda/wp-json/oembed/1.0/embed2ac8.json]
[localhost/nakiranda/wp-json/oembed/1.0/embed61c6]
[localhost/nakiranda/contact-me/index.html]
[localhost/nakiranda/+256701686219.html]
[localhost/nakiranda/npatienceloy@gmail.html]
[localhost/nakiranda/Kampala Uganda.html]
[localhost/nakiranda/wp-content/themes/personal-info/fonts/glyphicons-halflings-regular.html]
[localhost/nakiranda/wp-content/themes/personal-info/fonts/glyphicons-halflings-regulard41d.html]
[localhost/nakiranda/wp-content/themes/personal-info/fonts/glyphicons-halflings-regular-2.html]
[localhost/nakiranda/wp-content/themes/personal-info/fonts/glyphicons-halflings-regular-3.html]
[localhost/nakiranda/wp-content/themes/personal-info/fonts/glyphicons-halflings-regular-4.html]
[localhost/nakiranda/wp-content/themes/personal-info/fonts/glyphicons-halflings-regular-5.html]
[localhost/nakiranda/wp-content/themes/personal-info/css/grabbing.html]
[localhost/nakiranda/wp-content/themes/personal-info/css/AjaxLoader.html]
[localhost/nakiranda/wp-content/themes/personal-info/img/close.html]
[localhost/nakiranda/wp-content/themes/personal-info/img/loading.html]
[localhost/nakiranda/wp-content/plugins/js_composer/assets/lib/bower/font-awesome/fonts/fontawesome-webfont3295.svg]
[localhost/nakiranda/wp-content/plugins/js_composer/assets/vc/alert.png]
[localhost/nakiranda/wp-content/plugins/js_composer/assets/vc/info.png]
[localhost/nakiranda/wp-content/plugins/js_composer/assets/vc/tick.png]
[localhost/nakiranda/wp-content/plugins/js_composer/assets/vc/exclamation.png]
[localhost/nakiranda/wp-content/plugins/js_composer/assets/images/icons/address-book.png]
[localhost/nakiranda/wp-content/plugins/js_composer/assets/images/icons/alarm-clock.png]
[localhost/nakiranda/wp-content/plugins/js_composer/assets/images/icons/anchor.png]
[localhost/nakiranda/wp-content/plugins/js_composer/assets/images/icons/application-image.png]
[localhost/nakiranda/wp-content/plugins/js_composer/assets/images/icons/arrow.png]
[localhost/nakiranda/wp-content/plugins/js_composer/assets/images/icons/asterisk.png]
[localhost/nakiranda/wp-content/plugins/js_composer/assets/images/icons/auction-hammer.png]
[localhost/nakiranda/wp-content/plugins/js_composer/assets/images/icons/balloon.png]
[localhost/nakiranda/wp-content/plugins/js_composer/assets/images/icons/balloon-buzz.png]
[localhost/nakiranda/wp-content/plugins/js_composer/assets/images/icons/balloon-facebook.png]
[localhost/nakiranda/wp-content/plugins/js_composer/assets/images/icons/balloon-twitter.png]
[localhost/nakiranda/wp-content/plugins/js_composer/assets/images/icons/battery-full.png]
[localhost/nakiranda/wp-content/plugins/js_composer/assets/images/icons/binocular.png]
[localhost/nakiranda/wp-content/plugins/js_composer/assets/images/icons/blue-document-excel.png]
[localhost/nakiranda/wp-content/plugins/js_composer/assets/images/icons/blue-document-image.png]
[localhost/nakiranda/wp-content/plugins/js_composer/assets/images/icons/blue-document-music.png]
[localhost/nakiranda/wp-content/plugins/js_composer/assets/images/icons/blue-document-office.png]
[localhost/nakiranda/wp-content/plugins/js_composer/assets/images/icons/blue-document-pdf.png]
[localhost/nakiranda/wp-content/plugins/js_composer/assets/images/icons/blue-document-powerpoint.png]
[localhost/nakiranda/wp-content/plugins/js_composer/assets/images/icons/blue-document-word.png]
[localhost/nakiranda/wp-content/plugins/js_composer/assets/images/icons/bookmark.png]
[localhost/nakiranda/wp-content/plugins/js_composer/assets/images/icons/camcorder.png]
[localhost/nakiranda/wp-content/plugins/js_composer/assets/images/icons/camera.png]
[localhost/nakiranda/wp-content/plugins/js_composer/assets/images/icons/chart.png]
[localhost/nakiranda/wp-content/plugins/js_composer/assets/images/icons/chart-pie.png]
[localhost/nakiranda/wp-content/plugins/js_composer/assets/images/icons/clock.png]
[localhost/nakiranda/wp-content/plugins/js_composer/assets/images/icons/control.png]
[localhost/nakiranda/wp-content/plugins/js_composer/assets/images/icons/fire.png]
[localhost/nakiranda/wp-content/plugins/js_composer/assets/images/icons/heart.png]
[localhost/nakiranda/wp-content/plugins/js_composer/assets/images/icons/mail.png]
[localhost/nakiranda/wp-content/plugins/js_composer/assets/images/icons/plus-shield.png]
[localhost/nakiranda/wp-content/plugins/js_composer/assets/images/icons/video.png]
[localhost/nakiranda/wp-content/plugins/js_composer/assets/images/toggle_open.png]
[localhost/nakiranda/wp-content/plugins/js_composer/assets/images/toggle_close.png]
[localhost/nakiranda/wp-content/plugins/js_composer/assets/images/flickr.png]
[localhost/nakiranda/wp-content/plugins/js_composer/assets/fonts/vc_grid/vc_grid_v157a1.eot]
[localhost/nakiranda/wp-content/plugins/js_composer/assets/fonts/vc_grid/vc_grid_v1d41d.eot]
[localhost/nakiranda/wp-content/plugins/js_composer/assets/fonts/vc_grid/vc_grid_v157a1.woff]
[localhost/nakiranda/wp-content/plugins/js_composer/assets/fonts/vc_grid/vc_grid_v157a1.ttf]
[localhost/nakiranda/wp-content/plugins/js_composer/assets/css/js_composer.min0147.css]
[localhost/nakiranda/indexc471.html]
[localhost/nakiranda/wp-content/themes/personal-info/inc/img/close.svg]
[localhost/nakiranda/about-me/+256701686219.html]
[localhost/nakiranda/about-me/npatienceloy@gmail.html]
[localhost/nakiranda/about-me/Kampala Uganda.html]
[localhost/nakiranda/indexa09e.html]
[localhost/nakiranda/education-background/+256701686219.html]
[localhost/nakiranda/education-background/npatienceloy@gmail.html]
[localhost/nakiranda/education-background/Kampala Uganda.html]
[localhost/nakiranda/indexb950.html]
[localhost/nakiranda/experience1/+256701686219.html]
[localhost/nakiranda/experience1/npatienceloy@gmail.html]
[localhost/nakiranda/experience1/Kampala Uganda.html]
[localhost/nakiranda/indexc4f7.html]
[localhost/nakiranda/contact-me/+256701686219.html]
[localhost/nakiranda/contact-me/npatienceloy@gmail.html]
[localhost/nakiranda/contact-me/Kampala Uganda.html]
[localhost/nakiranda/wp-content/plugins/js_composer/assets/fonts/vc_grid/vc_grid_v157a1.svg]
